INFO EXCHANGED 3 TIMES.